// Vitest Snapshot v1, https://vitest.dev/guide/snapshot.html

exports[`npm > should handle dependencies correctly 1`] = `
[
  ".vitest-testdirs/vitest-package-manager-npm-should-handle-dependencies-correctly/node_modules/@babel/core",
  ".vitest-testdirs/vitest-package-manager-npm-should-handle-dependencies-correctly/node_modules/fast-xml-parser",
  ".vitest-testdirs/vitest-package-manager-npm-should-handle-dependencies-correctly/node_modules/package-manager-detector",
  ".vitest-testdirs/vitest-package-manager-npm-should-handle-dependencies-correctly/node_modules/@ampproject/remapping",
  ".vitest-testdirs/vitest-package-manager-npm-should-handle-dependencies-correctly/node_modules/@babel/code-frame",
  ".vitest-testdirs/vitest-package-manager-npm-should-handle-dependencies-correctly/node_modules/@babel/generator",
  ".vitest-testdirs/vitest-package-manager-npm-should-handle-dependencies-correctly/node_modules/@babel/helper-compilation-targets",
  ".vitest-testdirs/vitest-package-manager-npm-should-handle-dependencies-correctly/node_modules/@babel/helper-module-transforms",
  ".vitest-testdirs/vitest-package-manager-npm-should-handle-dependencies-correctly/node_modules/@babel/helpers",
  ".vitest-testdirs/vitest-package-manager-npm-should-handle-dependencies-correctly/node_modules/@babel/parser",
  ".vitest-testdirs/vitest-package-manager-npm-should-handle-dependencies-correctly/node_modules/@babel/template",
  ".vitest-testdirs/vitest-package-manager-npm-should-handle-dependencies-correctly/node_modules/@babel/traverse",
  ".vitest-testdirs/vitest-package-manager-npm-should-handle-dependencies-correctly/node_modules/@babel/types",
  ".vitest-testdirs/vitest-package-manager-npm-should-handle-dependencies-correctly/node_modules/convert-source-map",
  ".vitest-testdirs/vitest-package-manager-npm-should-handle-dependencies-correctly/node_modules/debug",
  ".vitest-testdirs/vitest-package-manager-npm-should-handle-dependencies-correctly/node_modules/gensync",
  ".vitest-testdirs/vitest-package-manager-npm-should-handle-dependencies-correctly/node_modules/json5",
  ".vitest-testdirs/vitest-package-manager-npm-should-handle-dependencies-correctly/node_modules/semver",
  ".vitest-testdirs/vitest-package-manager-npm-should-handle-dependencies-correctly/node_modules/strnum",
  ".vitest-testdirs/vitest-package-manager-npm-should-handle-dependencies-correctly/node_modules/@jridgewell/gen-mapping",
  ".vitest-testdirs/vitest-package-manager-npm-should-handle-dependencies-correctly/node_modules/@jridgewell/trace-mapping",
  ".vitest-testdirs/vitest-package-manager-npm-should-handle-dependencies-correctly/node_modules/@babel/helper-validator-identifier",
  ".vitest-testdirs/vitest-package-manager-npm-should-handle-dependencies-correctly/node_modules/js-tokens",
  ".vitest-testdirs/vitest-package-manager-npm-should-handle-dependencies-correctly/node_modules/picocolors",
  ".vitest-testdirs/vitest-package-manager-npm-should-handle-dependencies-correctly/node_modules/jsesc",
  ".vitest-testdirs/vitest-package-manager-npm-should-handle-dependencies-correctly/node_modules/@babel/compat-data",
  ".vitest-testdirs/vitest-package-manager-npm-should-handle-dependencies-correctly/node_modules/@babel/helper-validator-option",
  ".vitest-testdirs/vitest-package-manager-npm-should-handle-dependencies-correctly/node_modules/browserslist",
  ".vitest-testdirs/vitest-package-manager-npm-should-handle-dependencies-correctly/node_modules/lru-cache",
  ".vitest-testdirs/vitest-package-manager-npm-should-handle-dependencies-correctly/node_modules/@babel/helper-module-imports",
  ".vitest-testdirs/vitest-package-manager-npm-should-handle-dependencies-correctly/node_modules/globals",
  ".vitest-testdirs/vitest-package-manager-npm-should-handle-dependencies-correctly/node_modules/@babel/helper-string-parser",
  ".vitest-testdirs/vitest-package-manager-npm-should-handle-dependencies-correctly/node_modules/ms",
  ".vitest-testdirs/vitest-package-manager-npm-should-handle-dependencies-correctly/node_modules/@jridgewell/set-array",
  ".vitest-testdirs/vitest-package-manager-npm-should-handle-dependencies-correctly/node_modules/@jridgewell/sourcemap-codec",
  ".vitest-testdirs/vitest-package-manager-npm-should-handle-dependencies-correctly/node_modules/@jridgewell/resolve-uri",
  ".vitest-testdirs/vitest-package-manager-npm-should-handle-dependencies-correctly/node_modules/caniuse-lite",
  ".vitest-testdirs/vitest-package-manager-npm-should-handle-dependencies-correctly/node_modules/electron-to-chromium",
  ".vitest-testdirs/vitest-package-manager-npm-should-handle-dependencies-correctly/node_modules/node-releases",
  ".vitest-testdirs/vitest-package-manager-npm-should-handle-dependencies-correctly/node_modules/update-browserslist-db",
  ".vitest-testdirs/vitest-package-manager-npm-should-handle-dependencies-correctly/node_modules/yallist",
  ".vitest-testdirs/vitest-package-manager-npm-should-handle-dependencies-correctly/node_modules/escalade",
]
`;

exports[`pnpm > should handle dependencies correctly 1`] = `
[
  ".vitest-testdirs/vitest-package-manager-pnpm-should-handle-dependencies-correctly/node_modules/.pnpm/package-manager-detector@0.2.8/node_modules/package-manager-detector",
  ".vitest-testdirs/vitest-package-manager-pnpm-should-handle-dependencies-correctly/node_modules/.pnpm/fast-xml-parser@4.5.1/node_modules/fast-xml-parser",
  ".vitest-testdirs/vitest-package-manager-pnpm-should-handle-dependencies-correctly/node_modules/.pnpm/strnum@1.0.5/node_modules/strnum",
  ".vitest-testdirs/vitest-package-manager-pnpm-should-handle-dependencies-correctly/node_modules/.pnpm/@babel+core@7.26.0/node_modules/@babel/core",
  ".vitest-testdirs/vitest-package-manager-pnpm-should-handle-dependencies-correctly/node_modules/.pnpm/convert-source-map@2.0.0/node_modules/convert-source-map",
  ".vitest-testdirs/vitest-package-manager-pnpm-should-handle-dependencies-correctly/node_modules/.pnpm/gensync@1.0.0-beta.2/node_modules/gensync",
  ".vitest-testdirs/vitest-package-manager-pnpm-should-handle-dependencies-correctly/node_modules/.pnpm/json5@2.2.3/node_modules/json5",
  ".vitest-testdirs/vitest-package-manager-pnpm-should-handle-dependencies-correctly/node_modules/.pnpm/semver@6.3.1/node_modules/semver",
  ".vitest-testdirs/vitest-package-manager-pnpm-should-handle-dependencies-correctly/node_modules/.pnpm/@babel+code-frame@7.26.2/node_modules/@babel/code-frame",
  ".vitest-testdirs/vitest-package-manager-pnpm-should-handle-dependencies-correctly/node_modules/.pnpm/@babel+helper-validator-identifier@7.25.9/node_modules/@babel/helper-validator-identifier",
  ".vitest-testdirs/vitest-package-manager-pnpm-should-handle-dependencies-correctly/node_modules/.pnpm/js-tokens@4.0.0/node_modules/js-tokens",
  ".vitest-testdirs/vitest-package-manager-pnpm-should-handle-dependencies-correctly/node_modules/.pnpm/picocolors@1.1.1/node_modules/picocolors",
  ".vitest-testdirs/vitest-package-manager-pnpm-should-handle-dependencies-correctly/node_modules/.pnpm/@babel+types@7.26.3/node_modules/@babel/types",
  ".vitest-testdirs/vitest-package-manager-pnpm-should-handle-dependencies-correctly/node_modules/.pnpm/@babel+helper-string-parser@7.25.9/node_modules/@babel/helper-string-parser",
  ".vitest-testdirs/vitest-package-manager-pnpm-should-handle-dependencies-correctly/node_modules/.pnpm/debug@4.4.0/node_modules/debug",
  ".vitest-testdirs/vitest-package-manager-pnpm-should-handle-dependencies-correctly/node_modules/.pnpm/ms@2.1.3/node_modules/ms",
  ".vitest-testdirs/vitest-package-manager-pnpm-should-handle-dependencies-correctly/node_modules/.pnpm/@babel+parser@7.26.3/node_modules/@babel/parser",
  ".vitest-testdirs/vitest-package-manager-pnpm-should-handle-dependencies-correctly/node_modules/.pnpm/@ampproject+remapping@2.3.0/node_modules/@ampproject/remapping",
  ".vitest-testdirs/vitest-package-manager-pnpm-should-handle-dependencies-correctly/node_modules/.pnpm/@jridgewell+trace-mapping@0.3.25/node_modules/@jridgewell/trace-mapping",
  ".vitest-testdirs/vitest-package-manager-pnpm-should-handle-dependencies-correctly/node_modules/.pnpm/@jridgewell+resolve-uri@3.1.2/node_modules/@jridgewell/resolve-uri",
  ".vitest-testdirs/vitest-package-manager-pnpm-should-handle-dependencies-correctly/node_modules/.pnpm/@jridgewell+sourcemap-codec@1.5.0/node_modules/@jridgewell/sourcemap-codec",
  ".vitest-testdirs/vitest-package-manager-pnpm-should-handle-dependencies-correctly/node_modules/.pnpm/@jridgewell+gen-mapping@0.3.8/node_modules/@jridgewell/gen-mapping",
  ".vitest-testdirs/vitest-package-manager-pnpm-should-handle-dependencies-correctly/node_modules/.pnpm/@jridgewell+set-array@1.2.1/node_modules/@jridgewell/set-array",
  ".vitest-testdirs/vitest-package-manager-pnpm-should-handle-dependencies-correctly/node_modules/.pnpm/@babel+generator@7.26.3/node_modules/@babel/generator",
  ".vitest-testdirs/vitest-package-manager-pnpm-should-handle-dependencies-correctly/node_modules/.pnpm/jsesc@3.1.0/node_modules/jsesc",
  ".vitest-testdirs/vitest-package-manager-pnpm-should-handle-dependencies-correctly/node_modules/.pnpm/@babel+helper-compilation-targets@7.25.9/node_modules/@babel/helper-compilation-targets",
  ".vitest-testdirs/vitest-package-manager-pnpm-should-handle-dependencies-correctly/node_modules/.pnpm/@babel+compat-data@7.26.3/node_modules/@babel/compat-data",
  ".vitest-testdirs/vitest-package-manager-pnpm-should-handle-dependencies-correctly/node_modules/.pnpm/@babel+helper-validator-option@7.25.9/node_modules/@babel/helper-validator-option",
  ".vitest-testdirs/vitest-package-manager-pnpm-should-handle-dependencies-correctly/node_modules/.pnpm/lru-cache@5.1.1/node_modules/lru-cache",
  ".vitest-testdirs/vitest-package-manager-pnpm-should-handle-dependencies-correctly/node_modules/.pnpm/yallist@3.1.1/node_modules/yallist",
  ".vitest-testdirs/vitest-package-manager-pnpm-should-handle-dependencies-correctly/node_modules/.pnpm/browserslist@4.24.3/node_modules/browserslist",
  ".vitest-testdirs/vitest-package-manager-pnpm-should-handle-dependencies-correctly/node_modules/.pnpm/caniuse-lite@1.0.30001690/node_modules/caniuse-lite",
  ".vitest-testdirs/vitest-package-manager-pnpm-should-handle-dependencies-correctly/node_modules/.pnpm/electron-to-chromium@1.5.76/node_modules/electron-to-chromium",
  ".vitest-testdirs/vitest-package-manager-pnpm-should-handle-dependencies-correctly/node_modules/.pnpm/node-releases@2.0.19/node_modules/node-releases",
  ".vitest-testdirs/vitest-package-manager-pnpm-should-handle-dependencies-correctly/node_modules/.pnpm/update-browserslist-db@1.1.1_browserslist@4.24.3/node_modules/update-browserslist-db",
  ".vitest-testdirs/vitest-package-manager-pnpm-should-handle-dependencies-correctly/node_modules/.pnpm/escalade@3.2.0/node_modules/escalade",
  ".vitest-testdirs/vitest-package-manager-pnpm-should-handle-dependencies-correctly/node_modules/.pnpm/@babel+template@7.25.9/node_modules/@babel/template",
  ".vitest-testdirs/vitest-package-manager-pnpm-should-handle-dependencies-correctly/node_modules/.pnpm/@babel+helpers@7.26.0/node_modules/@babel/helpers",
  ".vitest-testdirs/vitest-package-manager-pnpm-should-handle-dependencies-correctly/node_modules/.pnpm/@babel+traverse@7.26.4/node_modules/@babel/traverse",
  ".vitest-testdirs/vitest-package-manager-pnpm-should-handle-dependencies-correctly/node_modules/.pnpm/globals@11.12.0/node_modules/globals",
  ".vitest-testdirs/vitest-package-manager-pnpm-should-handle-dependencies-correctly/node_modules/.pnpm/@babel+helper-module-transforms@7.26.0_@babel+core@7.26.0/node_modules/@babel/helper-module-transforms",
  ".vitest-testdirs/vitest-package-manager-pnpm-should-handle-dependencies-correctly/node_modules/.pnpm/@babel+helper-module-imports@7.25.9/node_modules/@babel/helper-module-imports",
]
`;

exports[`yarn > should handle dependencies correctly 1`] = `
[
  ".vitest-testdirs/vitest-package-manager-yarn-should-handle-dependencies-correctly/node_modules/@babel/core",
  ".vitest-testdirs/vitest-package-manager-yarn-should-handle-dependencies-correctly/node_modules/fast-xml-parser",
  ".vitest-testdirs/vitest-package-manager-yarn-should-handle-dependencies-correctly/node_modules/package-manager-detector",
  ".vitest-testdirs/vitest-package-manager-yarn-should-handle-dependencies-correctly/node_modules/@ampproject/remapping",
  ".vitest-testdirs/vitest-package-manager-yarn-should-handle-dependencies-correctly/node_modules/@babel/code-frame",
  ".vitest-testdirs/vitest-package-manager-yarn-should-handle-dependencies-correctly/node_modules/@babel/generator",
  ".vitest-testdirs/vitest-package-manager-yarn-should-handle-dependencies-correctly/node_modules/@babel/helper-compilation-targets",
  ".vitest-testdirs/vitest-package-manager-yarn-should-handle-dependencies-correctly/node_modules/@babel/helper-module-transforms",
  ".vitest-testdirs/vitest-package-manager-yarn-should-handle-dependencies-correctly/node_modules/@babel/helpers",
  ".vitest-testdirs/vitest-package-manager-yarn-should-handle-dependencies-correctly/node_modules/@babel/parser",
  ".vitest-testdirs/vitest-package-manager-yarn-should-handle-dependencies-correctly/node_modules/@babel/template",
  ".vitest-testdirs/vitest-package-manager-yarn-should-handle-dependencies-correctly/node_modules/@babel/traverse",
  ".vitest-testdirs/vitest-package-manager-yarn-should-handle-dependencies-correctly/node_modules/@babel/types",
  ".vitest-testdirs/vitest-package-manager-yarn-should-handle-dependencies-correctly/node_modules/convert-source-map",
  ".vitest-testdirs/vitest-package-manager-yarn-should-handle-dependencies-correctly/node_modules/debug",
  ".vitest-testdirs/vitest-package-manager-yarn-should-handle-dependencies-correctly/node_modules/gensync",
  ".vitest-testdirs/vitest-package-manager-yarn-should-handle-dependencies-correctly/node_modules/json5",
  ".vitest-testdirs/vitest-package-manager-yarn-should-handle-dependencies-correctly/node_modules/semver",
  ".vitest-testdirs/vitest-package-manager-yarn-should-handle-dependencies-correctly/node_modules/strnum",
  ".vitest-testdirs/vitest-package-manager-yarn-should-handle-dependencies-correctly/node_modules/@babel/compat-data",
  ".vitest-testdirs/vitest-package-manager-yarn-should-handle-dependencies-correctly/node_modules/@babel/helper-module-imports",
  ".vitest-testdirs/vitest-package-manager-yarn-should-handle-dependencies-correctly/node_modules/@babel/helper-string-parser",
  ".vitest-testdirs/vitest-package-manager-yarn-should-handle-dependencies-correctly/node_modules/@babel/helper-validator-identifier",
  ".vitest-testdirs/vitest-package-manager-yarn-should-handle-dependencies-correctly/node_modules/@babel/helper-validator-option",
  ".vitest-testdirs/vitest-package-manager-yarn-should-handle-dependencies-correctly/node_modules/@jridgewell/gen-mapping",
  ".vitest-testdirs/vitest-package-manager-yarn-should-handle-dependencies-correctly/node_modules/@jridgewell/trace-mapping",
  ".vitest-testdirs/vitest-package-manager-yarn-should-handle-dependencies-correctly/node_modules/browserslist",
  ".vitest-testdirs/vitest-package-manager-yarn-should-handle-dependencies-correctly/node_modules/globals",
  ".vitest-testdirs/vitest-package-manager-yarn-should-handle-dependencies-correctly/node_modules/js-tokens",
  ".vitest-testdirs/vitest-package-manager-yarn-should-handle-dependencies-correctly/node_modules/jsesc",
  ".vitest-testdirs/vitest-package-manager-yarn-should-handle-dependencies-correctly/node_modules/lru-cache",
  ".vitest-testdirs/vitest-package-manager-yarn-should-handle-dependencies-correctly/node_modules/ms",
  ".vitest-testdirs/vitest-package-manager-yarn-should-handle-dependencies-correctly/node_modules/picocolors",
  ".vitest-testdirs/vitest-package-manager-yarn-should-handle-dependencies-correctly/node_modules/@jridgewell/resolve-uri",
  ".vitest-testdirs/vitest-package-manager-yarn-should-handle-dependencies-correctly/node_modules/@jridgewell/set-array",
  ".vitest-testdirs/vitest-package-manager-yarn-should-handle-dependencies-correctly/node_modules/@jridgewell/sourcemap-codec",
  ".vitest-testdirs/vitest-package-manager-yarn-should-handle-dependencies-correctly/node_modules/caniuse-lite",
  ".vitest-testdirs/vitest-package-manager-yarn-should-handle-dependencies-correctly/node_modules/electron-to-chromium",
  ".vitest-testdirs/vitest-package-manager-yarn-should-handle-dependencies-correctly/node_modules/node-releases",
  ".vitest-testdirs/vitest-package-manager-yarn-should-handle-dependencies-correctly/node_modules/update-browserslist-db",
  ".vitest-testdirs/vitest-package-manager-yarn-should-handle-dependencies-correctly/node_modules/yallist",
  ".vitest-testdirs/vitest-package-manager-yarn-should-handle-dependencies-correctly/node_modules/escalade",
]
`;
