// Vitest Snapshot v1, https://vitest.dev/guide/snapshot.html

exports[`npm > should handle dependencies correctly 1`] = `
[
  ".vitest-testdirs/vitest-package-manager-npm-should-handle-dependencies-correctly/node_modules/@babel/core",
  ".vitest-testdirs/vitest-package-manager-npm-should-handle-dependencies-correctly/node_modules/fast-xml-parser",
  ".vitest-testdirs/vitest-package-manager-npm-should-handle-dependencies-correctly/node_modules/package-manager-detector",
  ".vitest-testdirs/vitest-package-manager-npm-should-handle-dependencies-correctly/node_modules/@ampproject/remapping",
  ".vitest-testdirs/vitest-package-manager-npm-should-handle-dependencies-correctly/node_modules/@babel/code-frame",
  ".vitest-testdirs/vitest-package-manager-npm-should-handle-dependencies-correctly/node_modules/@babel/generator",
  ".vitest-testdirs/vitest-package-manager-npm-should-handle-dependencies-correctly/node_modules/@babel/helper-compilation-targets",
  ".vitest-testdirs/vitest-package-manager-npm-should-handle-dependencies-correctly/node_modules/@babel/helper-module-transforms",
  ".vitest-testdirs/vitest-package-manager-npm-should-handle-dependencies-correctly/node_modules/@babel/helpers",
  ".vitest-testdirs/vitest-package-manager-npm-should-handle-dependencies-correctly/node_modules/@babel/parser",
  ".vitest-testdirs/vitest-package-manager-npm-should-handle-dependencies-correctly/node_modules/@babel/template",
  ".vitest-testdirs/vitest-package-manager-npm-should-handle-dependencies-correctly/node_modules/@babel/traverse",
  ".vitest-testdirs/vitest-package-manager-npm-should-handle-dependencies-correctly/node_modules/@babel/types",
  ".vitest-testdirs/vitest-package-manager-npm-should-handle-dependencies-correctly/node_modules/convert-source-map",
  ".vitest-testdirs/vitest-package-manager-npm-should-handle-dependencies-correctly/node_modules/debug",
  ".vitest-testdirs/vitest-package-manager-npm-should-handle-dependencies-correctly/node_modules/gensync",
  ".vitest-testdirs/vitest-package-manager-npm-should-handle-dependencies-correctly/node_modules/json5",
  ".vitest-testdirs/vitest-package-manager-npm-should-handle-dependencies-correctly/node_modules/semver",
  ".vitest-testdirs/vitest-package-manager-npm-should-handle-dependencies-correctly/node_modules/strnum",
  ".vitest-testdirs/vitest-package-manager-npm-should-handle-dependencies-correctly/node_modules/@jridgewell/gen-mapping",
  ".vitest-testdirs/vitest-package-manager-npm-should-handle-dependencies-correctly/node_modules/@jridgewell/trace-mapping",
  ".vitest-testdirs/vitest-package-manager-npm-should-handle-dependencies-correctly/node_modules/@babel/helper-validator-identifier",
  ".vitest-testdirs/vitest-package-manager-npm-should-handle-dependencies-correctly/node_modules/js-tokens",
  ".vitest-testdirs/vitest-package-manager-npm-should-handle-dependencies-correctly/node_modules/picocolors",
  ".vitest-testdirs/vitest-package-manager-npm-should-handle-dependencies-correctly/node_modules/jsesc",
  ".vitest-testdirs/vitest-package-manager-npm-should-handle-dependencies-correctly/node_modules/@babel/compat-data",
  ".vitest-testdirs/vitest-package-manager-npm-should-handle-dependencies-correctly/node_modules/@babel/helper-validator-option",
  ".vitest-testdirs/vitest-package-manager-npm-should-handle-dependencies-correctly/node_modules/browserslist",
  ".vitest-testdirs/vitest-package-manager-npm-should-handle-dependencies-correctly/node_modules/lru-cache",
  ".vitest-testdirs/vitest-package-manager-npm-should-handle-dependencies-correctly/node_modules/@babel/helper-module-imports",
  ".vitest-testdirs/vitest-package-manager-npm-should-handle-dependencies-correctly/node_modules/globals",
  ".vitest-testdirs/vitest-package-manager-npm-should-handle-dependencies-correctly/node_modules/@babel/helper-string-parser",
  ".vitest-testdirs/vitest-package-manager-npm-should-handle-dependencies-correctly/node_modules/ms",
  ".vitest-testdirs/vitest-package-manager-npm-should-handle-dependencies-correctly/node_modules/@jridgewell/set-array",
  ".vitest-testdirs/vitest-package-manager-npm-should-handle-dependencies-correctly/node_modules/@jridgewell/sourcemap-codec",
  ".vitest-testdirs/vitest-package-manager-npm-should-handle-dependencies-correctly/node_modules/@jridgewell/resolve-uri",
  ".vitest-testdirs/vitest-package-manager-npm-should-handle-dependencies-correctly/node_modules/caniuse-lite",
  ".vitest-testdirs/vitest-package-manager-npm-should-handle-dependencies-correctly/node_modules/electron-to-chromium",
  ".vitest-testdirs/vitest-package-manager-npm-should-handle-dependencies-correctly/node_modules/node-releases",
  ".vitest-testdirs/vitest-package-manager-npm-should-handle-dependencies-correctly/node_modules/update-browserslist-db",
  ".vitest-testdirs/vitest-package-manager-npm-should-handle-dependencies-correctly/node_modules/yallist",
  ".vitest-testdirs/vitest-package-manager-npm-should-handle-dependencies-correctly/node_modules/escalade",
]
`;
